// Jest Snapshot v1, https://goo.gl/fbAQLP

exports[`first debe de hacer match con el snapshot 1`] = `
<div>
  <div>
    <img
      alt="title"
      src="https://www.google.com.co"
    />
    <p>
      Goku
    </p>
  </div>
</div>
`;
